ï¿½+
Bï¿½ï¿½Jï¿½ï¿½ï¿½ï¿½ chip revisets Jul 29 2019 12:21:46

rst:0x1 (POWERON_RESET),boot:0x13 (SPI_FAST_FLASH_BOOT)
configsip: 0, SPIWP:0xee
clk_drv:0x00,q_drv:0x00,d_drv:0x00,cs0_drv:0x00,hd_drv:0x00,wp_drv:0x00
mode:DIO, clock div:2
load:0x3fff0030,len:7172
load:0x40078000,len:15532
load:0x40080400,len:4
load:0x40080404,len:3904
entry 0x40080640
[0;32mI (29) boot: ESP-IDF v5.2-dirty 2nd stage bootloader[0m
[0;32mI (29) boot: compile time Jun 23 2025 12:13:59[0m
[0;32mI (29) boot: Multicore bootloader[0m
[0;32mI (34) boot: chip revision: v3.1[0m
[0;32mI (38) boot.esp32: SPI Speed      : 40MHz[0m
[0;32mI (42) boot.esp32: SPI Mode       : DIO[0m
[0;32mI (47) boot.esp32: SPI Flash Size : 2MB[0m
[0;32mI (51) boot: Enabling RNG early entropy source...[0m
[0;32mI (57) boot: Partition Table:[0m
[0;32mI (60) boot: ## Label            Usage          Type ST Offset   Length[0m
[0;32mI (68) boot:  0 nvs              WiFi data        01 02 00009000 00006000[0m
[0;32mI (75) boot:  1 phy_init         RF data          01 01 0000f000 00001000[0m
[0;32mI (83) boot:  2 factory          factory app      00 00 00010000 00100000[0m
[0;32mI (90) boot: End of partition table[0m
[0;32mI (94) esp_image: segment 0: paddr=00010020 vaddr=3f400020 size=25834h (153652) map[0m
[0;32mI (155) esp_image: segment 1: paddr=0003585c vaddr=3ffb0000 size=03c74h ( 15476) load[0m
[0;32mI (161) esp_image: segment 2: paddr=000394d8 vaddr=40080000 size=06b40h ( 27456) load[0m
[0;32mI (172) esp_image: segment 3: paddr=00040020 vaddr=400d0020 size=934e8h (603368) map[0m
[0;32mI (379) esp_image: segment 4: paddr=000d3510 vaddr=40086b40 size=0fd68h ( 64872) load[0m
[0;32mI (416) boot: Loaded app from partition at offset 0x10000[0m
[0;32mI (416) boot: Disabling RNG early entropy source...[0m
[0;32mI (428) cpu_start: Multicore app[0m
[0;32mI (437) cpu_start: Pro cpu start user code[0m
[0;32mI (437) cpu_start: cpu freq: 160000000 Hz[0m
[0;32mI (437) cpu_start: Application information:[0m
[0;32mI (440) cpu_start: Project name:     app-template[0m
[0;32mI (445) cpu_start: App version:      1[0m
[0;32mI (450) cpu_start: Compile time:     Jun 23 2025 12:46:55[0m
[0;32mI (456) cpu_start: ELF file SHA256:  e588749a9...[0m
[0;32mI (461) cpu_start: ESP-IDF:          v5.2-dirty[0m
[0;32mI (466) cpu_start: Min chip rev:     v0.0[0m
[0;32mI (471) cpu_start: Max chip rev:     v3.99 [0m
[0;32mI (476) cpu_start: Chip rev:         v3.1[0m
[0;32mI (481) heap_init: Initializing. RAM available for dynamic allocation:[0m
[0;32mI (488) heap_init: At 3FFAE6E0 len 00001920 (6 KiB): DRAM[0m
[0;32mI (494) heap_init: At 3FFB86C8 len 00027938 (158 KiB): DRAM[0m
[0;32mI (500) heap_init: At 3FFE0440 len 00003AE0 (14 KiB): D/IRAM[0m
[0;32mI (506) heap_init: At 3FFE4350 len 0001BCB0 (111 KiB): D/IRAM[0m
[0;32mI (513) heap_init: At 400968A8 len 00009758 (37 KiB): IRAM[0m
[0;32mI (521) spi_flash: detected chip: generic[0m
[0;32mI (524) spi_flash: flash io: dio[0m
[0;33mW (528) spi_flash: Detected size(4096k) larger than the size in the binary image header(2048k). Using the size in the binary image header.[0m
[0;32mI (542) main_task: Started on CPU0[0m
[0;32mI (552) main_task: Calling app_main()[0m
[0;32mI (582) gpio: GPIO[2]| InputEn: 0| OutputEn: 1| OpenDrain: 0| Pullup: 0| Pulldown: 0| Intr:0 [0m
I (602) wifi:wifi driver task: 3ffc063c, prio:23, stack:6656, core=0
I (612) wifi:wifi firmware version: cc1dd81
I (612) wifi:wifi certification version: v7.0
I (612) wifi:config NVS flash: enabled
I (622) wifi:config nano formating: disabled
I (622) wifi:Init data frame dynamic rx buffer num: 32
I (622) wifi:Init static rx mgmt buffer num: 5
I (632) wifi:Init management short buffer num: 32
I (632) wifi:Init dynamic tx buffer num: 32
I (642) wifi:Init static rx buffer size: 1600
I (642) wifi:Init static rx buffer num: 10
I (642) wifi:Init dynamic rx buffer num: 32
[0;32mI (652) wifi_init: rx ba win: 6[0m
[0;32mI (652) wifi_init: tcpip mbox: 32[0m
[0;32mI (662) wifi_init: udp mbox: 6[0m
[0;32mI (662) wifi_init: tcp mbox: 6[0m
[0;32mI (662) wifi_init: tcp tx win: 5760[0m
[0;32mI (672) wifi_init: tcp rx win: 5760[0m
[0;32mI (672) wifi_init: tcp mss: 1440[0m
[0;32mI (682) wifi_init: WiFi IRAM OP enabled[0m
[0;32mI (682) wifi_init: WiFi RX IRAM OP enabled[0m
[0;32mI (692) phy_init: phy_version 4791,2c4672b,Dec 20 2023,16:06:06[0m
I (782) wifi:mode : sta (00:4b:12:24:76:40)
I (782) wifi:enable tsf
I (872) wifi:new:<7,0>, old:<1,0>, ap:<255,255>, sta:<7,0>, prof:1
I (872) wifi:state: init -> auth (b0)
I (882) wifi:state: auth -> assoc (0)
I (892) wifi:state: assoc -> run (10)
W (902) wifi:[ADDBA]rx delba, code:39, delete tid:0
W (902) wifi:[ADDBA]rx delba, code:39, delete tid:0
W (902) wifi:[ADDBA]rx delba, code:39, delete tid:5
I (912) wifi:<ba-add>idx:0 (ifx:0, c0:06:c3:97:1d:51), tid:5, ssn:5, winSize:64
I (1032) wifi:connected with FutureLab2103, aid = 1, channel 7, BW20, bssid = c0:06:c3:97:1d:51
I (1032) wifi:security: WPA2-PSK, phy: bgn, rssi: -61
I (1042) wifi:pm start, type: 1

I (1042) wifi:dp: 1, bi: 102400, li: 3, scale listen interval from 307200 us to 307200 us
I (1082) wifi:AP's beacon interval = 102400 us, DTIM period = 1
[0;32mI (2052) esp_netif_handlers: sta ip: 192.168.31.107, mask: 255.255.255.0, gw: 192.168.31.1[0m
[0;32mI (5792) mdns_mem: mDNS task will be created from internal RAM[0m
[0;32mI (5792) Servo Control: Access via: http://esp32-door.local[0m
[0;32mI (5802) main_task: Returned from app_main()[0m
